# Pacotes para serem removidos da ISO
################################################
#
#     Libre Office
#
################################################
libreoffice-base-core
libreoffice-calc
libreoffice-common
libreoffice-core
libreoffice-draw
libreoffice-impress
libreoffice-kf5
libreoffice-math
libreoffice-plasma
libreoffice-qt5
libreoffice-style-breeze
libreoffice-style-colibre
libreoffice-uiconfig-calc
libreoffice-uiconfig-common
libreoffice-uiconfig-draw
libreoffice-uiconfig-impress
libreoffice-uiconfig-math
libreoffice-uiconfig-writer
libreoffice-writer
################################################
#
#     Apport
#
################################################
apport
apport-core-dump-handler
apport-kde
apport-symptoms
################################################
#
#     Miscelânea de apps KDE
#
################################################
elisa
thunderbird
konversation
kmines
kpat
ksudoku
kmahjongg
info
ksystemlog
kwalletmanager
khelpcenter
im-config
partitionmanager
kde-config-tablet
usb-creator-kde
ktorrent
krdc
plasma-welcome
neochat
################################################
#
#     Utilitários PulseAudio
#
################################################
pavucontrol-qt
pavucontrol-qt-l10n # Deveria sair
################################################
#
#     Instalador calamares
#
################################################
calamares
calamares-settings-kubuntu
calamares-settings-ubuntu-common
################################################
#
#     Ícones
#
################################################
ubuntu-mono
humanity-icon-theme
adwaita-icon-theme
################################################
#
#     Recursos e serviços da Canonical
#
################################################
unattended-upgrades
ubuntu-advantage-tools
ubuntu-drivers-common
ubuntu-kernel-accessories
ubuntu-keyring
ubuntu-minimal
ubuntu-mono
ubuntu-pro-client
ubuntu-pro-client-l10n
ubuntu-release-upgrader-core
ubuntu-release-upgrader-qt
ubuntu-standard
